MPLINK 5.09, LINKER
Linker Map File - Created Tue Jun 11 21:55:58 2024

                                 Section Info
                  Section       Type    Address   Location Size(Bytes)
                ---------  ---------  ---------  ---------  ---------
                   .org_0       code   0x000000    program   0x000002
                   .cinit    romdata   0x000001    program   0x000004
                   .org_1       code   0x000004    program   0x000278
.config_2007_BUILD/DEFAULT/DEBUG/PICS.O       code   0x002007    program   0x000002
.config_2008_BUILD/DEFAULT/DEBUG/PICS.O       code   0x002008    program   0x000002



                              Program Memory Usage 
                               Start         End      
                           ---------   ---------      
                            0x000000    0x000002      
                            0x000004    0x00013f      
                            0x002007    0x002008      
            321 out of 8455 program addresses used, program memory utilization is 3%



                              Symbols - Sorted by Name
                     Name    Address   Location    Storage File                     
                ---------  ---------  ---------  --------- ---------                
                  CHECK_H   0x0000ba    program     static C:\Users\emili\OneDrive\Escritorio\FACU\CUARTO AÑO\ED2\TPFinalED2\COSO.X\pics.asm
                  CHECK_L   0x0000b7    program     static C:\Users\emili\OneDrive\Escritorio\FACU\CUARTO AÑO\ED2\TPFinalED2\COSO.X\pics.asm
             CHECK_RESULT   0x0000b0    program     static C:\Users\emili\OneDrive\Escritorio\FACU\CUARTO AÑO\ED2\TPFinalED2\COSO.X\pics.asm
         CHECK_ZERO_CROSS   0x00012e    program     static C:\Users\emili\OneDrive\Escritorio\FACU\CUARTO AÑO\ED2\TPFinalED2\COSO.X\pics.asm
             COMPARE_HIGH   0x0000a2    program     static C:\Users\emili\OneDrive\Escritorio\FACU\CUARTO AÑO\ED2\TPFinalED2\COSO.X\pics.asm
       COMPRESS_TO_1_BYTE   0x0000bd    program     static C:\Users\emili\OneDrive\Escritorio\FACU\CUARTO AÑO\ED2\TPFinalED2\COSO.X\pics.asm
       END_INT_ZERO_CROSS   0x00013c    program     static C:\Users\emili\OneDrive\Escritorio\FACU\CUARTO AÑO\ED2\TPFinalED2\COSO.X\pics.asm
                  END_MAP   0x0000ff    program     static C:\Users\emili\OneDrive\Escritorio\FACU\CUARTO AÑO\ED2\TPFinalED2\COSO.X\pics.asm
            END_SELECTION   0x000093    program     static C:\Users\emili\OneDrive\Escritorio\FACU\CUARTO AÑO\ED2\TPFinalED2\COSO.X\pics.asm
             FREQ_CATCHED   0x000111    program     static C:\Users\emili\OneDrive\Escritorio\FACU\CUARTO AÑO\ED2\TPFinalED2\COSO.X\pics.asm
            GET_DEVIATION   0x000094    program     static C:\Users\emili\OneDrive\Escritorio\FACU\CUARTO AÑO\ED2\TPFinalED2\COSO.X\pics.asm
                 INC_FREQ   0x000126    program     static C:\Users\emili\OneDrive\Escritorio\FACU\CUARTO AÑO\ED2\TPFinalED2\COSO.X\pics.asm
                   INICIO   0x000005    program     static C:\Users\emili\OneDrive\Escritorio\FACU\CUARTO AÑO\ED2\TPFinalED2\COSO.X\pics.asm
                      INT   0x000100    program     static C:\Users\emili\OneDrive\Escritorio\FACU\CUARTO AÑO\ED2\TPFinalED2\COSO.X\pics.asm
                     MAIN   0x000060    program     static C:\Users\emili\OneDrive\Escritorio\FACU\CUARTO AÑO\ED2\TPFinalED2\COSO.X\pics.asm
                      MAP   0x0000cd    program     static C:\Users\emili\OneDrive\Escritorio\FACU\CUARTO AÑO\ED2\TPFinalED2\COSO.X\pics.asm
                 NEGATIVE   0x0000db    program     static C:\Users\emili\OneDrive\Escritorio\FACU\CUARTO AÑO\ED2\TPFinalED2\COSO.X\pics.asm
               NEGATIVE_H   0x0000ac    program     static C:\Users\emili\OneDrive\Escritorio\FACU\CUARTO AÑO\ED2\TPFinalED2\COSO.X\pics.asm
               NEGATIVE_L   0x0000a0    program     static C:\Users\emili\OneDrive\Escritorio\FACU\CUARTO AÑO\ED2\TPFinalED2\COSO.X\pics.asm
                 POSITIVE   0x0000ec    program     static C:\Users\emili\OneDrive\Escritorio\FACU\CUARTO AÑO\ED2\TPFinalED2\COSO.X\pics.asm
                 SELECT_A   0x000089    program     static C:\Users\emili\OneDrive\Escritorio\FACU\CUARTO AÑO\ED2\TPFinalED2\COSO.X\pics.asm
                 SELECT_B   0x00007a    program     static C:\Users\emili\OneDrive\Escritorio\FACU\CUARTO AÑO\ED2\TPFinalED2\COSO.X\pics.asm
                 SELECT_D   0x000084    program     static C:\Users\emili\OneDrive\Escritorio\FACU\CUARTO AÑO\ED2\TPFinalED2\COSO.X\pics.asm
                SELECT_E1   0x000075    program     static C:\Users\emili\OneDrive\Escritorio\FACU\CUARTO AÑO\ED2\TPFinalED2\COSO.X\pics.asm
                SELECT_E2   0x00008e    program     static C:\Users\emili\OneDrive\Escritorio\FACU\CUARTO AÑO\ED2\TPFinalED2\COSO.X\pics.asm
                 SELECT_G   0x00007f    program     static C:\Users\emili\OneDrive\Escritorio\FACU\CUARTO AÑO\ED2\TPFinalED2\COSO.X\pics.asm
                SEND_PORT   0x0000c5    program     static C:\Users\emili\OneDrive\Escritorio\FACU\CUARTO AÑO\ED2\TPFinalED2\COSO.X\pics.asm
                  SEND_TX   0x0000c3    program     static C:\Users\emili\OneDrive\Escritorio\FACU\CUARTO AÑO\ED2\TPFinalED2\COSO.X\pics.asm
         STRING_SELECTION   0x000066    program     static C:\Users\emili\OneDrive\Escritorio\FACU\CUARTO AÑO\ED2\TPFinalED2\COSO.X\pics.asm
                    TUNED   0x0000fd    program     static C:\Users\emili\OneDrive\Escritorio\FACU\CUARTO AÑO\ED2\TPFinalED2\COSO.X\pics.asm



                              Symbols - Sorted by Address
                     Name    Address   Location    Storage File                     
                ---------  ---------  ---------  --------- ---------                
                   INICIO   0x000005    program     static C:\Users\emili\OneDrive\Escritorio\FACU\CUARTO AÑO\ED2\TPFinalED2\COSO.X\pics.asm
                     MAIN   0x000060    program     static C:\Users\emili\OneDrive\Escritorio\FACU\CUARTO AÑO\ED2\TPFinalED2\COSO.X\pics.asm
         STRING_SELECTION   0x000066    program     static C:\Users\emili\OneDrive\Escritorio\FACU\CUARTO AÑO\ED2\TPFinalED2\COSO.X\pics.asm
                SELECT_E1   0x000075    program     static C:\Users\emili\OneDrive\Escritorio\FACU\CUARTO AÑO\ED2\TPFinalED2\COSO.X\pics.asm
                 SELECT_B   0x00007a    program     static C:\Users\emili\OneDrive\Escritorio\FACU\CUARTO AÑO\ED2\TPFinalED2\COSO.X\pics.asm
                 SELECT_G   0x00007f    program     static C:\Users\emili\OneDrive\Escritorio\FACU\CUARTO AÑO\ED2\TPFinalED2\COSO.X\pics.asm
                 SELECT_D   0x000084    program     static C:\Users\emili\OneDrive\Escritorio\FACU\CUARTO AÑO\ED2\TPFinalED2\COSO.X\pics.asm
                 SELECT_A   0x000089    program     static C:\Users\emili\OneDrive\Escritorio\FACU\CUARTO AÑO\ED2\TPFinalED2\COSO.X\pics.asm
                SELECT_E2   0x00008e    program     static C:\Users\emili\OneDrive\Escritorio\FACU\CUARTO AÑO\ED2\TPFinalED2\COSO.X\pics.asm
            END_SELECTION   0x000093    program     static C:\Users\emili\OneDrive\Escritorio\FACU\CUARTO AÑO\ED2\TPFinalED2\COSO.X\pics.asm
            GET_DEVIATION   0x000094    program     static C:\Users\emili\OneDrive\Escritorio\FACU\CUARTO AÑO\ED2\TPFinalED2\COSO.X\pics.asm
               NEGATIVE_L   0x0000a0    program     static C:\Users\emili\OneDrive\Escritorio\FACU\CUARTO AÑO\ED2\TPFinalED2\COSO.X\pics.asm
             COMPARE_HIGH   0x0000a2    program     static C:\Users\emili\OneDrive\Escritorio\FACU\CUARTO AÑO\ED2\TPFinalED2\COSO.X\pics.asm
               NEGATIVE_H   0x0000ac    program     static C:\Users\emili\OneDrive\Escritorio\FACU\CUARTO AÑO\ED2\TPFinalED2\COSO.X\pics.asm
             CHECK_RESULT   0x0000b0    program     static C:\Users\emili\OneDrive\Escritorio\FACU\CUARTO AÑO\ED2\TPFinalED2\COSO.X\pics.asm
                  CHECK_L   0x0000b7    program     static C:\Users\emili\OneDrive\Escritorio\FACU\CUARTO AÑO\ED2\TPFinalED2\COSO.X\pics.asm
                  CHECK_H   0x0000ba    program     static C:\Users\emili\OneDrive\Escritorio\FACU\CUARTO AÑO\ED2\TPFinalED2\COSO.X\pics.asm
       COMPRESS_TO_1_BYTE   0x0000bd    program     static C:\Users\emili\OneDrive\Escritorio\FACU\CUARTO AÑO\ED2\TPFinalED2\COSO.X\pics.asm
                  SEND_TX   0x0000c3    program     static C:\Users\emili\OneDrive\Escritorio\FACU\CUARTO AÑO\ED2\TPFinalED2\COSO.X\pics.asm
                SEND_PORT   0x0000c5    program     static C:\Users\emili\OneDrive\Escritorio\FACU\CUARTO AÑO\ED2\TPFinalED2\COSO.X\pics.asm
                      MAP   0x0000cd    program     static C:\Users\emili\OneDrive\Escritorio\FACU\CUARTO AÑO\ED2\TPFinalED2\COSO.X\pics.asm
                 NEGATIVE   0x0000db    program     static C:\Users\emili\OneDrive\Escritorio\FACU\CUARTO AÑO\ED2\TPFinalED2\COSO.X\pics.asm
                 POSITIVE   0x0000ec    program     static C:\Users\emili\OneDrive\Escritorio\FACU\CUARTO AÑO\ED2\TPFinalED2\COSO.X\pics.asm
                    TUNED   0x0000fd    program     static C:\Users\emili\OneDrive\Escritorio\FACU\CUARTO AÑO\ED2\TPFinalED2\COSO.X\pics.asm
                  END_MAP   0x0000ff    program     static C:\Users\emili\OneDrive\Escritorio\FACU\CUARTO AÑO\ED2\TPFinalED2\COSO.X\pics.asm
                      INT   0x000100    program     static C:\Users\emili\OneDrive\Escritorio\FACU\CUARTO AÑO\ED2\TPFinalED2\COSO.X\pics.asm
             FREQ_CATCHED   0x000111    program     static C:\Users\emili\OneDrive\Escritorio\FACU\CUARTO AÑO\ED2\TPFinalED2\COSO.X\pics.asm
                 INC_FREQ   0x000126    program     static C:\Users\emili\OneDrive\Escritorio\FACU\CUARTO AÑO\ED2\TPFinalED2\COSO.X\pics.asm
         CHECK_ZERO_CROSS   0x00012e    program     static C:\Users\emili\OneDrive\Escritorio\FACU\CUARTO AÑO\ED2\TPFinalED2\COSO.X\pics.asm
       END_INT_ZERO_CROSS   0x00013c    program     static C:\Users\emili\OneDrive\Escritorio\FACU\CUARTO AÑO\ED2\TPFinalED2\COSO.X\pics.asm


