MPLINK 5.09, LINKER
Linker Map File - Created Thu Jun 13 08:49:12 2024

                                 Section Info
                  Section       Type    Address   Location Size(Bytes)
                ---------  ---------  ---------  ---------  ---------
                   .org_0       code   0x000000    program   0x000002
                   .cinit    romdata   0x000001    program   0x000004
                   .org_1       code   0x000004    program   0x0002c2
.config_2007_BUILD/DEFAULT/DEBUG/PICS.O       code   0x002007    program   0x000002
.config_2008_BUILD/DEFAULT/DEBUG/PICS.O       code   0x002008    program   0x000002



                              Program Memory Usage 
                               Start         End      
                           ---------   ---------      
                            0x000000    0x000002      
                            0x000004    0x000164      
                            0x002007    0x002008      
            358 out of 8455 program addresses used, program memory utilization is 4%



                              Symbols - Sorted by Name
                     Name    Address   Location    Storage File                     
                ---------  ---------  ---------  --------- ---------                
                  CHECK_H   0x0000bc    program     static C:\Users\emili\OneDrive\Escritorio\FACU\CUARTO AÑO\ED2\TPFinalED2\COSO.X\pics.asm
                  CHECK_L   0x0000b9    program     static C:\Users\emili\OneDrive\Escritorio\FACU\CUARTO AÑO\ED2\TPFinalED2\COSO.X\pics.asm
             CHECK_RESULT   0x0000b2    program     static C:\Users\emili\OneDrive\Escritorio\FACU\CUARTO AÑO\ED2\TPFinalED2\COSO.X\pics.asm
         CHECK_ZERO_CROSS   0x000148    program     static C:\Users\emili\OneDrive\Escritorio\FACU\CUARTO AÑO\ED2\TPFinalED2\COSO.X\pics.asm
             COMPARE_HIGH   0x0000a4    program     static C:\Users\emili\OneDrive\Escritorio\FACU\CUARTO AÑO\ED2\TPFinalED2\COSO.X\pics.asm
       COMPRESS_TO_1_BYTE   0x0000bf    program     static C:\Users\emili\OneDrive\Escritorio\FACU\CUARTO AÑO\ED2\TPFinalED2\COSO.X\pics.asm
                    DELAY   0x000144    program     static C:\Users\emili\OneDrive\Escritorio\FACU\CUARTO AÑO\ED2\TPFinalED2\COSO.X\pics.asm
          END_COMPRESSION   0x0000d0    program     static C:\Users\emili\OneDrive\Escritorio\FACU\CUARTO AÑO\ED2\TPFinalED2\COSO.X\pics.asm
       END_INT_ZERO_CROSS   0x000161    program     static C:\Users\emili\OneDrive\Escritorio\FACU\CUARTO AÑO\ED2\TPFinalED2\COSO.X\pics.asm
                  END_MAP   0x000115    program     static C:\Users\emili\OneDrive\Escritorio\FACU\CUARTO AÑO\ED2\TPFinalED2\COSO.X\pics.asm
            END_SELECTION   0x000092    program     static C:\Users\emili\OneDrive\Escritorio\FACU\CUARTO AÑO\ED2\TPFinalED2\COSO.X\pics.asm
             FREQ_CATCHED   0x000127    program     static C:\Users\emili\OneDrive\Escritorio\FACU\CUARTO AÑO\ED2\TPFinalED2\COSO.X\pics.asm
            GET_DEVIATION   0x000093    program     static C:\Users\emili\OneDrive\Escritorio\FACU\CUARTO AÑO\ED2\TPFinalED2\COSO.X\pics.asm
                 INC_FREQ   0x00013c    program     static C:\Users\emili\OneDrive\Escritorio\FACU\CUARTO AÑO\ED2\TPFinalED2\COSO.X\pics.asm
                   INICIO   0x000005    program     static C:\Users\emili\OneDrive\Escritorio\FACU\CUARTO AÑO\ED2\TPFinalED2\COSO.X\pics.asm
                      INT   0x000116    program     static C:\Users\emili\OneDrive\Escritorio\FACU\CUARTO AÑO\ED2\TPFinalED2\COSO.X\pics.asm
                     MAIN   0x00005f    program     static C:\Users\emili\OneDrive\Escritorio\FACU\CUARTO AÑO\ED2\TPFinalED2\COSO.X\pics.asm
                      MAP   0x0000db    program     static C:\Users\emili\OneDrive\Escritorio\FACU\CUARTO AÑO\ED2\TPFinalED2\COSO.X\pics.asm
                 NEGATIVE   0x0000e9    program     static C:\Users\emili\OneDrive\Escritorio\FACU\CUARTO AÑO\ED2\TPFinalED2\COSO.X\pics.asm
               NEGATIVE_H   0x0000ae    program     static C:\Users\emili\OneDrive\Escritorio\FACU\CUARTO AÑO\ED2\TPFinalED2\COSO.X\pics.asm
               NEGATIVE_L   0x00009f    program     static C:\Users\emili\OneDrive\Escritorio\FACU\CUARTO AÑO\ED2\TPFinalED2\COSO.X\pics.asm
             OUT_OF_RANGE   0x0000ca    program     static C:\Users\emili\OneDrive\Escritorio\FACU\CUARTO AÑO\ED2\TPFinalED2\COSO.X\pics.asm
                 POSITIVE   0x0000fe    program     static C:\Users\emili\OneDrive\Escritorio\FACU\CUARTO AÑO\ED2\TPFinalED2\COSO.X\pics.asm
                 SELECT_A   0x000088    program     static C:\Users\emili\OneDrive\Escritorio\FACU\CUARTO AÑO\ED2\TPFinalED2\COSO.X\pics.asm
                 SELECT_B   0x000079    program     static C:\Users\emili\OneDrive\Escritorio\FACU\CUARTO AÑO\ED2\TPFinalED2\COSO.X\pics.asm
                 SELECT_D   0x000083    program     static C:\Users\emili\OneDrive\Escritorio\FACU\CUARTO AÑO\ED2\TPFinalED2\COSO.X\pics.asm
                SELECT_E1   0x000074    program     static C:\Users\emili\OneDrive\Escritorio\FACU\CUARTO AÑO\ED2\TPFinalED2\COSO.X\pics.asm
                SELECT_E2   0x00008d    program     static C:\Users\emili\OneDrive\Escritorio\FACU\CUARTO AÑO\ED2\TPFinalED2\COSO.X\pics.asm
                 SELECT_G   0x00007e    program     static C:\Users\emili\OneDrive\Escritorio\FACU\CUARTO AÑO\ED2\TPFinalED2\COSO.X\pics.asm
                SEND_PORT   0x0000d3    program     static C:\Users\emili\OneDrive\Escritorio\FACU\CUARTO AÑO\ED2\TPFinalED2\COSO.X\pics.asm
                  SEND_TX   0x0000d1    program     static C:\Users\emili\OneDrive\Escritorio\FACU\CUARTO AÑO\ED2\TPFinalED2\COSO.X\pics.asm
         STRING_SELECTION   0x000065    program     static C:\Users\emili\OneDrive\Escritorio\FACU\CUARTO AÑO\ED2\TPFinalED2\COSO.X\pics.asm
                    TUNED   0x000113    program     static C:\Users\emili\OneDrive\Escritorio\FACU\CUARTO AÑO\ED2\TPFinalED2\COSO.X\pics.asm



                              Symbols - Sorted by Address
                     Name    Address   Location    Storage File                     
                ---------  ---------  ---------  --------- ---------                
                   INICIO   0x000005    program     static C:\Users\emili\OneDrive\Escritorio\FACU\CUARTO AÑO\ED2\TPFinalED2\COSO.X\pics.asm
                     MAIN   0x00005f    program     static C:\Users\emili\OneDrive\Escritorio\FACU\CUARTO AÑO\ED2\TPFinalED2\COSO.X\pics.asm
         STRING_SELECTION   0x000065    program     static C:\Users\emili\OneDrive\Escritorio\FACU\CUARTO AÑO\ED2\TPFinalED2\COSO.X\pics.asm
                SELECT_E1   0x000074    program     static C:\Users\emili\OneDrive\Escritorio\FACU\CUARTO AÑO\ED2\TPFinalED2\COSO.X\pics.asm
                 SELECT_B   0x000079    program     static C:\Users\emili\OneDrive\Escritorio\FACU\CUARTO AÑO\ED2\TPFinalED2\COSO.X\pics.asm
                 SELECT_G   0x00007e    program     static C:\Users\emili\OneDrive\Escritorio\FACU\CUARTO AÑO\ED2\TPFinalED2\COSO.X\pics.asm
                 SELECT_D   0x000083    program     static C:\Users\emili\OneDrive\Escritorio\FACU\CUARTO AÑO\ED2\TPFinalED2\COSO.X\pics.asm
                 SELECT_A   0x000088    program     static C:\Users\emili\OneDrive\Escritorio\FACU\CUARTO AÑO\ED2\TPFinalED2\COSO.X\pics.asm
                SELECT_E2   0x00008d    program     static C:\Users\emili\OneDrive\Escritorio\FACU\CUARTO AÑO\ED2\TPFinalED2\COSO.X\pics.asm
            END_SELECTION   0x000092    program     static C:\Users\emili\OneDrive\Escritorio\FACU\CUARTO AÑO\ED2\TPFinalED2\COSO.X\pics.asm
            GET_DEVIATION   0x000093    program     static C:\Users\emili\OneDrive\Escritorio\FACU\CUARTO AÑO\ED2\TPFinalED2\COSO.X\pics.asm
               NEGATIVE_L   0x00009f    program     static C:\Users\emili\OneDrive\Escritorio\FACU\CUARTO AÑO\ED2\TPFinalED2\COSO.X\pics.asm
             COMPARE_HIGH   0x0000a4    program     static C:\Users\emili\OneDrive\Escritorio\FACU\CUARTO AÑO\ED2\TPFinalED2\COSO.X\pics.asm
               NEGATIVE_H   0x0000ae    program     static C:\Users\emili\OneDrive\Escritorio\FACU\CUARTO AÑO\ED2\TPFinalED2\COSO.X\pics.asm
             CHECK_RESULT   0x0000b2    program     static C:\Users\emili\OneDrive\Escritorio\FACU\CUARTO AÑO\ED2\TPFinalED2\COSO.X\pics.asm
                  CHECK_L   0x0000b9    program     static C:\Users\emili\OneDrive\Escritorio\FACU\CUARTO AÑO\ED2\TPFinalED2\COSO.X\pics.asm
                  CHECK_H   0x0000bc    program     static C:\Users\emili\OneDrive\Escritorio\FACU\CUARTO AÑO\ED2\TPFinalED2\COSO.X\pics.asm
       COMPRESS_TO_1_BYTE   0x0000bf    program     static C:\Users\emili\OneDrive\Escritorio\FACU\CUARTO AÑO\ED2\TPFinalED2\COSO.X\pics.asm
             OUT_OF_RANGE   0x0000ca    program     static C:\Users\emili\OneDrive\Escritorio\FACU\CUARTO AÑO\ED2\TPFinalED2\COSO.X\pics.asm
          END_COMPRESSION   0x0000d0    program     static C:\Users\emili\OneDrive\Escritorio\FACU\CUARTO AÑO\ED2\TPFinalED2\COSO.X\pics.asm
                  SEND_TX   0x0000d1    program     static C:\Users\emili\OneDrive\Escritorio\FACU\CUARTO AÑO\ED2\TPFinalED2\COSO.X\pics.asm
                SEND_PORT   0x0000d3    program     static C:\Users\emili\OneDrive\Escritorio\FACU\CUARTO AÑO\ED2\TPFinalED2\COSO.X\pics.asm
                      MAP   0x0000db    program     static C:\Users\emili\OneDrive\Escritorio\FACU\CUARTO AÑO\ED2\TPFinalED2\COSO.X\pics.asm
                 NEGATIVE   0x0000e9    program     static C:\Users\emili\OneDrive\Escritorio\FACU\CUARTO AÑO\ED2\TPFinalED2\COSO.X\pics.asm
                 POSITIVE   0x0000fe    program     static C:\Users\emili\OneDrive\Escritorio\FACU\CUARTO AÑO\ED2\TPFinalED2\COSO.X\pics.asm
                    TUNED   0x000113    program     static C:\Users\emili\OneDrive\Escritorio\FACU\CUARTO AÑO\ED2\TPFinalED2\COSO.X\pics.asm
                  END_MAP   0x000115    program     static C:\Users\emili\OneDrive\Escritorio\FACU\CUARTO AÑO\ED2\TPFinalED2\COSO.X\pics.asm
                      INT   0x000116    program     static C:\Users\emili\OneDrive\Escritorio\FACU\CUARTO AÑO\ED2\TPFinalED2\COSO.X\pics.asm
             FREQ_CATCHED   0x000127    program     static C:\Users\emili\OneDrive\Escritorio\FACU\CUARTO AÑO\ED2\TPFinalED2\COSO.X\pics.asm
                 INC_FREQ   0x00013c    program     static C:\Users\emili\OneDrive\Escritorio\FACU\CUARTO AÑO\ED2\TPFinalED2\COSO.X\pics.asm
                    DELAY   0x000144    program     static C:\Users\emili\OneDrive\Escritorio\FACU\CUARTO AÑO\ED2\TPFinalED2\COSO.X\pics.asm
         CHECK_ZERO_CROSS   0x000148    program     static C:\Users\emili\OneDrive\Escritorio\FACU\CUARTO AÑO\ED2\TPFinalED2\COSO.X\pics.asm
       END_INT_ZERO_CROSS   0x000161    program     static C:\Users\emili\OneDrive\Escritorio\FACU\CUARTO AÑO\ED2\TPFinalED2\COSO.X\pics.asm


