MPLINK 5.09, LINKER
Linker Map File - Created Wed Jun 05 08:24:01 2024

                                 Section Info
                  Section       Type    Address   Location Size(Bytes)
                ---------  ---------  ---------  ---------  ---------
                   .org_0       code   0x000000    program   0x000002
                   .cinit    romdata   0x000001    program   0x000004
                   .org_1       code   0x000004    program   0x000088
.config_2007_BUILD/DEFAULT/PRODUCTION/MAIN.O       code   0x002007    program   0x000002
.config_2008_BUILD/DEFAULT/PRODUCTION/MAIN.O       code   0x002008    program   0x000002



                              Program Memory Usage 
                               Start         End      
                           ---------   ---------      
                            0x000000    0x000002      
                            0x000004    0x000047      
                            0x002007    0x002008      
            73 out of 8455 program addresses used, program memory utilization is 0%



                              Symbols - Sorted by Name
                     Name    Address   Location    Storage File                     
                ---------  ---------  ---------  --------- ---------                
                   INICIO   0x000005    program     static C:\Users\emili\OneDrive\Escritorio\FACU\CUARTO AÑO\ED2\TPFinalED2\ED2TPF.X\main.asm
                      INT   0x00003f    program     static C:\Users\emili\OneDrive\Escritorio\FACU\CUARTO AÑO\ED2\TPFinalED2\ED2TPF.X\main.asm
                     MAIN   0x000027    program     static C:\Users\emili\OneDrive\Escritorio\FACU\CUARTO AÑO\ED2\TPFinalED2\ED2TPF.X\main.asm
                      SEG   0x00002c    program     static C:\Users\emili\OneDrive\Escritorio\FACU\CUARTO AÑO\ED2\TPFinalED2\ED2TPF.X\main.asm
                            0x000048    program     static C:\Users\emili\OneDrive\Escritorio\FACU\CUARTO AÑO\ED2\TPFinalED2\ED2TPF.X\main.asm



                              Symbols - Sorted by Address
                     Name    Address   Location    Storage File                     
                ---------  ---------  ---------  --------- ---------                
                   INICIO   0x000005    program     static C:\Users\emili\OneDrive\Escritorio\FACU\CUARTO AÑO\ED2\TPFinalED2\ED2TPF.X\main.asm
                     MAIN   0x000027    program     static C:\Users\emili\OneDrive\Escritorio\FACU\CUARTO AÑO\ED2\TPFinalED2\ED2TPF.X\main.asm
                      SEG   0x00002c    program     static C:\Users\emili\OneDrive\Escritorio\FACU\CUARTO AÑO\ED2\TPFinalED2\ED2TPF.X\main.asm
                      INT   0x00003f    program     static C:\Users\emili\OneDrive\Escritorio\FACU\CUARTO AÑO\ED2\TPFinalED2\ED2TPF.X\main.asm
                            0x000048    program     static C:\Users\emili\OneDrive\Escritorio\FACU\CUARTO AÑO\ED2\TPFinalED2\ED2TPF.X\main.asm


