MPLINK 5.09, LINKER
Linker Map File - Created Fri Jun 14 16:40:05 2024

                                 Section Info
                  Section       Type    Address   Location Size(Bytes)
                ---------  ---------  ---------  ---------  ---------
                   .org_0       code   0x000000    program   0x000002
                   .cinit    romdata   0x000001    program   0x000004
                   .org_1       code   0x000004    program   0x0002fa
.config_2007_BUILD/DEFAULT/PRODUCTION/PICS.O       code   0x002007    program   0x000002
.config_2008_BUILD/DEFAULT/PRODUCTION/PICS.O       code   0x002008    program   0x000002



                              Program Memory Usage 
                               Start         End      
                           ---------   ---------      
                            0x000000    0x000002      
                            0x000004    0x000180      
                            0x002007    0x002008      
            386 out of 8455 program addresses used, program memory utilization is 4%



                              Symbols - Sorted by Name
                     Name    Address   Location    Storage File                     
                ---------  ---------  ---------  --------- ---------                
                   CHECK1   0x0000ab    program     static C:\Users\emili\OneDrive\Escritorio\FACU\CUARTO AÑO\ED2\TPFinalED2\COSO.X\pics.asm
                  CHECK_H   0x0000cc    program     static C:\Users\emili\OneDrive\Escritorio\FACU\CUARTO AÑO\ED2\TPFinalED2\COSO.X\pics.asm
                  CHECK_L   0x0000c9    program     static C:\Users\emili\OneDrive\Escritorio\FACU\CUARTO AÑO\ED2\TPFinalED2\COSO.X\pics.asm
             CHECK_RESULT   0x0000c2    program     static C:\Users\emili\OneDrive\Escritorio\FACU\CUARTO AÑO\ED2\TPFinalED2\COSO.X\pics.asm
         CHECK_ZERO_CROSS   0x000162    program     static C:\Users\emili\OneDrive\Escritorio\FACU\CUARTO AÑO\ED2\TPFinalED2\COSO.X\pics.asm
             COMPARE_HIGH   0x0000b3    program     static C:\Users\emili\OneDrive\Escritorio\FACU\CUARTO AÑO\ED2\TPFinalED2\COSO.X\pics.asm
       COMPRESS_TO_1_BYTE   0x0000cf    program     static C:\Users\emili\OneDrive\Escritorio\FACU\CUARTO AÑO\ED2\TPFinalED2\COSO.X\pics.asm
                    DELAY   0x000157    program     static C:\Users\emili\OneDrive\Escritorio\FACU\CUARTO AÑO\ED2\TPFinalED2\COSO.X\pics.asm
              DELAY_COUNT   0x00015c    program     static C:\Users\emili\OneDrive\Escritorio\FACU\CUARTO AÑO\ED2\TPFinalED2\COSO.X\pics.asm
          END_COMPRESSION   0x0000e0    program     static C:\Users\emili\OneDrive\Escritorio\FACU\CUARTO AÑO\ED2\TPFinalED2\COSO.X\pics.asm
       END_INT_ZERO_CROSS   0x00017d    program     static C:\Users\emili\OneDrive\Escritorio\FACU\CUARTO AÑO\ED2\TPFinalED2\COSO.X\pics.asm
                  END_MAP   0x000125    program     static C:\Users\emili\OneDrive\Escritorio\FACU\CUARTO AÑO\ED2\TPFinalED2\COSO.X\pics.asm
            END_SELECTION   0x00009e    program     static C:\Users\emili\OneDrive\Escritorio\FACU\CUARTO AÑO\ED2\TPFinalED2\COSO.X\pics.asm
             FREQ_CATCHED   0x000137    program     static C:\Users\emili\OneDrive\Escritorio\FACU\CUARTO AÑO\ED2\TPFinalED2\COSO.X\pics.asm
            GET_DEVIATION   0x00009f    program     static C:\Users\emili\OneDrive\Escritorio\FACU\CUARTO AÑO\ED2\TPFinalED2\COSO.X\pics.asm
                 INC_FREQ   0x00014c    program     static C:\Users\emili\OneDrive\Escritorio\FACU\CUARTO AÑO\ED2\TPFinalED2\COSO.X\pics.asm
                   INICIO   0x000005    program     static C:\Users\emili\OneDrive\Escritorio\FACU\CUARTO AÑO\ED2\TPFinalED2\COSO.X\pics.asm
                      INT   0x000126    program     static C:\Users\emili\OneDrive\Escritorio\FACU\CUARTO AÑO\ED2\TPFinalED2\COSO.X\pics.asm
                     MAIN   0x00005f    program     static C:\Users\emili\OneDrive\Escritorio\FACU\CUARTO AÑO\ED2\TPFinalED2\COSO.X\pics.asm
                      MAP   0x0000eb    program     static C:\Users\emili\OneDrive\Escritorio\FACU\CUARTO AÑO\ED2\TPFinalED2\COSO.X\pics.asm
                 NEGATIVE   0x0000f9    program     static C:\Users\emili\OneDrive\Escritorio\FACU\CUARTO AÑO\ED2\TPFinalED2\COSO.X\pics.asm
               NEGATIVE_H   0x0000bd    program     static C:\Users\emili\OneDrive\Escritorio\FACU\CUARTO AÑO\ED2\TPFinalED2\COSO.X\pics.asm
               NEGATIVE_L   0x0000ad    program     static C:\Users\emili\OneDrive\Escritorio\FACU\CUARTO AÑO\ED2\TPFinalED2\COSO.X\pics.asm
             OUT_OF_RANGE   0x0000da    program     static C:\Users\emili\OneDrive\Escritorio\FACU\CUARTO AÑO\ED2\TPFinalED2\COSO.X\pics.asm
                 POSITIVE   0x00010e    program     static C:\Users\emili\OneDrive\Escritorio\FACU\CUARTO AÑO\ED2\TPFinalED2\COSO.X\pics.asm
                 SELECT_A   0x000090    program     static C:\Users\emili\OneDrive\Escritorio\FACU\CUARTO AÑO\ED2\TPFinalED2\COSO.X\pics.asm
                 SELECT_B   0x00007b    program     static C:\Users\emili\OneDrive\Escritorio\FACU\CUARTO AÑO\ED2\TPFinalED2\COSO.X\pics.asm
                 SELECT_D   0x000089    program     static C:\Users\emili\OneDrive\Escritorio\FACU\CUARTO AÑO\ED2\TPFinalED2\COSO.X\pics.asm
                SELECT_E1   0x000074    program     static C:\Users\emili\OneDrive\Escritorio\FACU\CUARTO AÑO\ED2\TPFinalED2\COSO.X\pics.asm
                SELECT_E2   0x000097    program     static C:\Users\emili\OneDrive\Escritorio\FACU\CUARTO AÑO\ED2\TPFinalED2\COSO.X\pics.asm
                 SELECT_G   0x000082    program     static C:\Users\emili\OneDrive\Escritorio\FACU\CUARTO AÑO\ED2\TPFinalED2\COSO.X\pics.asm
                SEND_PORT   0x0000e3    program     static C:\Users\emili\OneDrive\Escritorio\FACU\CUARTO AÑO\ED2\TPFinalED2\COSO.X\pics.asm
                  SEND_TX   0x0000e1    program     static C:\Users\emili\OneDrive\Escritorio\FACU\CUARTO AÑO\ED2\TPFinalED2\COSO.X\pics.asm
         STRING_SELECTION   0x000065    program     static C:\Users\emili\OneDrive\Escritorio\FACU\CUARTO AÑO\ED2\TPFinalED2\COSO.X\pics.asm
                    TUNED   0x000123    program     static C:\Users\emili\OneDrive\Escritorio\FACU\CUARTO AÑO\ED2\TPFinalED2\COSO.X\pics.asm



                              Symbols - Sorted by Address
                     Name    Address   Location    Storage File                     
                ---------  ---------  ---------  --------- ---------                
                   INICIO   0x000005    program     static C:\Users\emili\OneDrive\Escritorio\FACU\CUARTO AÑO\ED2\TPFinalED2\COSO.X\pics.asm
                     MAIN   0x00005f    program     static C:\Users\emili\OneDrive\Escritorio\FACU\CUARTO AÑO\ED2\TPFinalED2\COSO.X\pics.asm
         STRING_SELECTION   0x000065    program     static C:\Users\emili\OneDrive\Escritorio\FACU\CUARTO AÑO\ED2\TPFinalED2\COSO.X\pics.asm
                SELECT_E1   0x000074    program     static C:\Users\emili\OneDrive\Escritorio\FACU\CUARTO AÑO\ED2\TPFinalED2\COSO.X\pics.asm
                 SELECT_B   0x00007b    program     static C:\Users\emili\OneDrive\Escritorio\FACU\CUARTO AÑO\ED2\TPFinalED2\COSO.X\pics.asm
                 SELECT_G   0x000082    program     static C:\Users\emili\OneDrive\Escritorio\FACU\CUARTO AÑO\ED2\TPFinalED2\COSO.X\pics.asm
                 SELECT_D   0x000089    program     static C:\Users\emili\OneDrive\Escritorio\FACU\CUARTO AÑO\ED2\TPFinalED2\COSO.X\pics.asm
                 SELECT_A   0x000090    program     static C:\Users\emili\OneDrive\Escritorio\FACU\CUARTO AÑO\ED2\TPFinalED2\COSO.X\pics.asm
                SELECT_E2   0x000097    program     static C:\Users\emili\OneDrive\Escritorio\FACU\CUARTO AÑO\ED2\TPFinalED2\COSO.X\pics.asm
            END_SELECTION   0x00009e    program     static C:\Users\emili\OneDrive\Escritorio\FACU\CUARTO AÑO\ED2\TPFinalED2\COSO.X\pics.asm
            GET_DEVIATION   0x00009f    program     static C:\Users\emili\OneDrive\Escritorio\FACU\CUARTO AÑO\ED2\TPFinalED2\COSO.X\pics.asm
                   CHECK1   0x0000ab    program     static C:\Users\emili\OneDrive\Escritorio\FACU\CUARTO AÑO\ED2\TPFinalED2\COSO.X\pics.asm
               NEGATIVE_L   0x0000ad    program     static C:\Users\emili\OneDrive\Escritorio\FACU\CUARTO AÑO\ED2\TPFinalED2\COSO.X\pics.asm
             COMPARE_HIGH   0x0000b3    program     static C:\Users\emili\OneDrive\Escritorio\FACU\CUARTO AÑO\ED2\TPFinalED2\COSO.X\pics.asm
               NEGATIVE_H   0x0000bd    program     static C:\Users\emili\OneDrive\Escritorio\FACU\CUARTO AÑO\ED2\TPFinalED2\COSO.X\pics.asm
             CHECK_RESULT   0x0000c2    program     static C:\Users\emili\OneDrive\Escritorio\FACU\CUARTO AÑO\ED2\TPFinalED2\COSO.X\pics.asm
                  CHECK_L   0x0000c9    program     static C:\Users\emili\OneDrive\Escritorio\FACU\CUARTO AÑO\ED2\TPFinalED2\COSO.X\pics.asm
                  CHECK_H   0x0000cc    program     static C:\Users\emili\OneDrive\Escritorio\FACU\CUARTO AÑO\ED2\TPFinalED2\COSO.X\pics.asm
       COMPRESS_TO_1_BYTE   0x0000cf    program     static C:\Users\emili\OneDrive\Escritorio\FACU\CUARTO AÑO\ED2\TPFinalED2\COSO.X\pics.asm
             OUT_OF_RANGE   0x0000da    program     static C:\Users\emili\OneDrive\Escritorio\FACU\CUARTO AÑO\ED2\TPFinalED2\COSO.X\pics.asm
          END_COMPRESSION   0x0000e0    program     static C:\Users\emili\OneDrive\Escritorio\FACU\CUARTO AÑO\ED2\TPFinalED2\COSO.X\pics.asm
                  SEND_TX   0x0000e1    program     static C:\Users\emili\OneDrive\Escritorio\FACU\CUARTO AÑO\ED2\TPFinalED2\COSO.X\pics.asm
                SEND_PORT   0x0000e3    program     static C:\Users\emili\OneDrive\Escritorio\FACU\CUARTO AÑO\ED2\TPFinalED2\COSO.X\pics.asm
                      MAP   0x0000eb    program     static C:\Users\emili\OneDrive\Escritorio\FACU\CUARTO AÑO\ED2\TPFinalED2\COSO.X\pics.asm
                 NEGATIVE   0x0000f9    program     static C:\Users\emili\OneDrive\Escritorio\FACU\CUARTO AÑO\ED2\TPFinalED2\COSO.X\pics.asm
                 POSITIVE   0x00010e    program     static C:\Users\emili\OneDrive\Escritorio\FACU\CUARTO AÑO\ED2\TPFinalED2\COSO.X\pics.asm
                    TUNED   0x000123    program     static C:\Users\emili\OneDrive\Escritorio\FACU\CUARTO AÑO\ED2\TPFinalED2\COSO.X\pics.asm
                  END_MAP   0x000125    program     static C:\Users\emili\OneDrive\Escritorio\FACU\CUARTO AÑO\ED2\TPFinalED2\COSO.X\pics.asm
                      INT   0x000126    program     static C:\Users\emili\OneDrive\Escritorio\FACU\CUARTO AÑO\ED2\TPFinalED2\COSO.X\pics.asm
             FREQ_CATCHED   0x000137    program     static C:\Users\emili\OneDrive\Escritorio\FACU\CUARTO AÑO\ED2\TPFinalED2\COSO.X\pics.asm
                 INC_FREQ   0x00014c    program     static C:\Users\emili\OneDrive\Escritorio\FACU\CUARTO AÑO\ED2\TPFinalED2\COSO.X\pics.asm
                    DELAY   0x000157    program     static C:\Users\emili\OneDrive\Escritorio\FACU\CUARTO AÑO\ED2\TPFinalED2\COSO.X\pics.asm
              DELAY_COUNT   0x00015c    program     static C:\Users\emili\OneDrive\Escritorio\FACU\CUARTO AÑO\ED2\TPFinalED2\COSO.X\pics.asm
         CHECK_ZERO_CROSS   0x000162    program     static C:\Users\emili\OneDrive\Escritorio\FACU\CUARTO AÑO\ED2\TPFinalED2\COSO.X\pics.asm
       END_INT_ZERO_CROSS   0x00017d    program     static C:\Users\emili\OneDrive\Escritorio\FACU\CUARTO AÑO\ED2\TPFinalED2\COSO.X\pics.asm


